../Core/Src/main.c:64:6:led_blink	8	static
../Core/Src/main.c:74:6:HAL_UART_RxCpltCallback	24	static
../Core/Src/main.c:93:6:uart	16	static
../Core/Src/main.c:126:6:uart_it	8	static
../Core/Src/main.c:135:6:uart_dma	8	static
../Core/Src/main.c:143:6:uart_time	8	static
../Core/Src/main.c:153:6:uart_time_start	32	static
../Core/Src/main.c:166:6:HAL_UARTEx_RxEventCallback	112	static
../Core/Src/main.c:231:5:main	8	static
../Core/Src/main.c:308:6:SystemClock_Config	72	static
../Core/Src/main.c:351:6:Error_Handler	4	static,ignoring_inline_asm
